// Jest Snapshot v1, https://goo.gl/fbAQLP

exports[`Comments Component Returns empty list item, if nothing passed. 1`] = `null`;
