// Jest Snapshot v1, https://goo.gl/fbAQLP

exports[`Posts Component Returns empty list item, if nothing passed. 1`] = `<ul />`;
